---
source: tests/src/unit.rs
input_file: tests/fixtures/unit/comment/in-chain-line-comment.typ
---
#{
  ()
    // .rev()
    .rev()

  x
    // comment before method
    .method()

  a
    .b
    // comment before chain continuation
    .c
    .d

  obj
    // first comment
    .method1()
    // second comment
    .method2()
}
